{"time":"00:41:35","type":"system","msg":"Samooptimalizace: Automaticky generuji trvalý binární index pro 'synapse_vlastnosti.uzel_id' (100x hledáno).","data":[]}
{"time":"00:44:29","type":"error","msg":"JS: SyntaxError: expected expression, got '}' v https:\/\/localhost\/projekt\/#DBprohl%C3%AD%C5%BEe%C4%8D:2","data":[]}
{"time":"09:18:24","type":"system","msg":"Samooptimalizace: Automaticky generuji trvalý binární index pro 'builder_komponenty.tags_source' (100x hledáno).","data":[]}
{"time":"09:19:00","type":"error","msg":"JS: SyntaxError: expected expression, got '}' v https:\/\/localhost\/projekt\/#Hlavn%C3%AD:2","data":[]}
{"time":"09:27:11","type":"error","msg":"JS: SyntaxError: expected expression, got '}' v https:\/\/localhost\/projekt\/#Hlavn%C3%AD:2","data":[]}
{"time":"09:32:27","type":"error","msg":"JS: SyntaxError: expected expression, got '}' v https:\/\/localhost\/projekt\/#Hlavn%C3%AD:2","data":[]}
{"time":"09:33:56","type":"error","msg":"JS: SyntaxError: expected expression, got '}' v https:\/\/localhost\/projekt\/#Hlavn%C3%AD:2","data":[]}
{"time":"09:34:03","type":"warning","msg":"Pomalý dotaz: 52.274942398071ms","data":{"table":"builder_komponenty","action":"select"}}
{"time":"09:36:18","type":"error","msg":"JS: SyntaxError: expected expression, got '}' v https:\/\/localhost\/projekt\/#DBprohl%C3%AD%C5%BEe%C4%8D:2","data":[]}
{"time":"09:36:30","type":"error","msg":"JS: SyntaxError: expected expression, got '}' v https:\/\/localhost\/projekt\/#DBprohl%C3%AD%C5%BEe%C4%8D:2","data":[]}
{"time":"09:36:32","type":"error","msg":"JS: SyntaxError: expected expression, got '}' v https:\/\/localhost\/projekt\/#DBprohl%C3%AD%C5%BEe%C4%8D:2","data":[]}
{"time":"09:38:28","type":"error","msg":"JS: SyntaxError: expected expression, got '}' v https:\/\/localhost\/projekt\/#DBprohl%C3%AD%C5%BEe%C4%8D:2","data":[]}
{"time":"09:38:39","type":"error","msg":"JS: SyntaxError: expected expression, got '}' v https:\/\/localhost\/projekt\/#DBprohl%C3%AD%C5%BEe%C4%8D:2","data":[]}
{"time":"09:38:47","type":"error","msg":"JS: SyntaxError: expected expression, got '}' v https:\/\/localhost\/projekt\/#DBprohl%C3%AD%C5%BEe%C4%8D:2","data":[]}
{"time":"09:45:00","type":"error","msg":"JS: SyntaxError: expected expression, got '}' v https:\/\/localhost\/projekt\/#DBprohl%C3%AD%C5%BEe%C4%8D:2","data":[]}
{"time":"09:45:04","type":"error","msg":"JS: SyntaxError: expected expression, got '}' v https:\/\/localhost\/projekt\/#DBprohl%C3%AD%C5%BEe%C4%8D:2","data":[]}
{"time":"09:47:18","type":"error","msg":"API Gateway: Bezpečnostní chyba CSRF.","data":{"file":"\/opt\/lampp\/htdocs\/projekt\/db\/php\/api.php","line":40,"err":"Bezpečnostní chyba CSRF."}}
{"time":"10:32:49","type":"warning","msg":"Pomalý dotaz: 443.71390342712ms","data":{"table":"synapse_uzly","action":"select"}}
{"time":"10:33:01","type":"error","msg":"API Gateway: Chybí povinné parametry.","data":{"file":"\/opt\/lampp\/htdocs\/projekt\/db\/php\/api.php","line":177,"err":"Chybí povinné parametry."}}
{"time":"10:33:01","type":"error","msg":"API Gateway: API endpoint neexistuje: dbpr\/db_get_linked ","data":{"file":"\/opt\/lampp\/htdocs\/projekt\/db\/php\/api.php","line":418,"err":"API endpoint neexistuje: dbpr\/db_get_linked "}}
{"time":"10:33:24","type":"error","msg":"JS: SyntaxError: missing ) after argument list v https:\/\/localhost\/projekt\/#DBprohl%C3%AD%C5%BEe%C4%8D:1","data":[]}
{"time":"10:33:36","type":"error","msg":"API Gateway: Chybí povinné parametry.","data":{"file":"\/opt\/lampp\/htdocs\/projekt\/db\/php\/api.php","line":177,"err":"Chybí povinné parametry."}}
{"time":"10:33:37","type":"error","msg":"API Gateway: API endpoint neexistuje: dbpr\/db_get_linked ","data":{"file":"\/opt\/lampp\/htdocs\/projekt\/db\/php\/api.php","line":418,"err":"API endpoint neexistuje: dbpr\/db_get_linked "}}
{"time":"10:33:41","type":"error","msg":"API Gateway: Chybí povinné parametry.","data":{"file":"\/opt\/lampp\/htdocs\/projekt\/db\/php\/api.php","line":177,"err":"Chybí povinné parametry."}}
{"time":"10:33:41","type":"error","msg":"API Gateway: API endpoint neexistuje: dbpr\/db_get_linked ","data":{"file":"\/opt\/lampp\/htdocs\/projekt\/db\/php\/api.php","line":418,"err":"API endpoint neexistuje: dbpr\/db_get_linked "}}
{"time":"10:33:48","type":"error","msg":"API Gateway: Chybí povinné parametry.","data":{"file":"\/opt\/lampp\/htdocs\/projekt\/db\/php\/api.php","line":177,"err":"Chybí povinné parametry."}}
{"time":"10:33:48","type":"error","msg":"API Gateway: API endpoint neexistuje: dbpr\/db_get_linked ","data":{"file":"\/opt\/lampp\/htdocs\/projekt\/db\/php\/api.php","line":418,"err":"API endpoint neexistuje: dbpr\/db_get_linked "}}
{"time":"10:33:57","type":"error","msg":"API Gateway: Chybí povinné parametry.","data":{"file":"\/opt\/lampp\/htdocs\/projekt\/db\/php\/api.php","line":177,"err":"Chybí povinné parametry."}}
{"time":"10:33:57","type":"error","msg":"API Gateway: API endpoint neexistuje: dbpr\/db_get_linked ","data":{"file":"\/opt\/lampp\/htdocs\/projekt\/db\/php\/api.php","line":418,"err":"API endpoint neexistuje: dbpr\/db_get_linked "}}
{"time":"10:34:05","type":"error","msg":"API Gateway: Chybí povinné parametry.","data":{"file":"\/opt\/lampp\/htdocs\/projekt\/db\/php\/api.php","line":177,"err":"Chybí povinné parametry."}}
{"time":"10:34:05","type":"error","msg":"API Gateway: API endpoint neexistuje: dbpr\/db_get_linked ","data":{"file":"\/opt\/lampp\/htdocs\/projekt\/db\/php\/api.php","line":418,"err":"API endpoint neexistuje: dbpr\/db_get_linked "}}
{"time":"10:34:57","type":"error","msg":"API Gateway: Chybí povinné parametry.","data":{"file":"\/opt\/lampp\/htdocs\/projekt\/db\/php\/api.php","line":177,"err":"Chybí povinné parametry."}}
{"time":"10:34:57","type":"error","msg":"API Gateway: API endpoint neexistuje: dbpr\/db_get_linked ","data":{"file":"\/opt\/lampp\/htdocs\/projekt\/db\/php\/api.php","line":418,"err":"API endpoint neexistuje: dbpr\/db_get_linked "}}
{"time":"10:35:01","type":"error","msg":"JS: SyntaxError: missing ) after argument list v https:\/\/localhost\/projekt\/#DBprohl%C3%AD%C5%BEe%C4%8D:1","data":[]}
{"time":"10:45:39","type":"error","msg":"JS: SyntaxError: expected expression, got '}' v https:\/\/localhost\/projekt\/#DBprohl%C3%AD%C5%BEe%C4%8D:2","data":[]}
{"time":"10:45:49","type":"warning","msg":"Pomalý dotaz: 78.46999168396ms","data":{"table":"builder_komponenty","action":"select"}}
{"time":"10:45:53","type":"error","msg":"JS: SyntaxError: expected expression, got '}' v https:\/\/localhost\/projekt\/#DBprohl%C3%AD%C5%BEe%C4%8D:2","data":[]}
{"time":"10:46:00","type":"warning","msg":"Pomalý dotaz: 50.965070724487ms","data":{"table":"synapse_vlastnosti","action":"select"}}
{"time":"10:46:03","type":"error","msg":"JS: SyntaxError: expected expression, got '}' v https:\/\/localhost\/projekt\/#DBprohl%C3%AD%C5%BEe%C4%8D:2","data":[]}
{"time":"10:46:25","type":"error","msg":"JS: SyntaxError: expected expression, got '}' v https:\/\/localhost\/projekt\/#DBprohl%C3%AD%C5%BEe%C4%8D:2","data":[]}
{"time":"10:46:59","type":"error","msg":"JS: SyntaxError: expected expression, got '}' v https:\/\/localhost\/projekt\/#DBprohl%C3%AD%C5%BEe%C4%8D:2","data":[]}
{"time":"10:47:21","type":"warning","msg":"Pomalý dotaz: 84.637880325317ms","data":{"table":"synapse_uzly","action":"select"}}
{"time":"10:47:22","type":"error","msg":"JS: Promise: TypeError: can't access property \"innerHTML\", document.getElementById(...) is null","data":[]}
{"time":"10:47:46","type":"error","msg":"API Gateway: API endpoint neexistuje: dbpr\/db_get_linked ","data":{"file":"\/opt\/lampp\/htdocs\/projekt\/db\/php\/api.php","line":418,"err":"API endpoint neexistuje: dbpr\/db_get_linked "}}
{"time":"10:47:57","type":"error","msg":"API Gateway: API endpoint neexistuje: dbpr\/db_get_linked ","data":{"file":"\/opt\/lampp\/htdocs\/projekt\/db\/php\/api.php","line":418,"err":"API endpoint neexistuje: dbpr\/db_get_linked "}}
{"time":"10:48:20","type":"error","msg":"API Gateway: API endpoint neexistuje: dbpr\/db_get_linked ","data":{"file":"\/opt\/lampp\/htdocs\/projekt\/db\/php\/api.php","line":418,"err":"API endpoint neexistuje: dbpr\/db_get_linked "}}
{"time":"10:48:25","type":"error","msg":"API Gateway: API endpoint neexistuje: dbpr\/db_get_linked ","data":{"file":"\/opt\/lampp\/htdocs\/projekt\/db\/php\/api.php","line":418,"err":"API endpoint neexistuje: dbpr\/db_get_linked "}}
{"time":"10:48:30","type":"error","msg":"API Gateway: API endpoint neexistuje: dbpr\/db_get_linked ","data":{"file":"\/opt\/lampp\/htdocs\/projekt\/db\/php\/api.php","line":418,"err":"API endpoint neexistuje: dbpr\/db_get_linked "}}
{"time":"10:48:35","type":"error","msg":"API Gateway: API endpoint neexistuje: dbpr\/db_get_linked ","data":{"file":"\/opt\/lampp\/htdocs\/projekt\/db\/php\/api.php","line":418,"err":"API endpoint neexistuje: dbpr\/db_get_linked "}}
{"time":"10:48:39","type":"error","msg":"API Gateway: API endpoint neexistuje: dbpr\/db_get_linked ","data":{"file":"\/opt\/lampp\/htdocs\/projekt\/db\/php\/api.php","line":418,"err":"API endpoint neexistuje: dbpr\/db_get_linked "}}
{"time":"10:48:48","type":"error","msg":"API Gateway: API endpoint neexistuje: dbpr\/db_get_linked ","data":{"file":"\/opt\/lampp\/htdocs\/projekt\/db\/php\/api.php","line":418,"err":"API endpoint neexistuje: dbpr\/db_get_linked "}}
{"time":"10:48:57","type":"error","msg":"API Gateway: API endpoint neexistuje: dbpr\/db_get_linked ","data":{"file":"\/opt\/lampp\/htdocs\/projekt\/db\/php\/api.php","line":418,"err":"API endpoint neexistuje: dbpr\/db_get_linked "}}
{"time":"10:49:01","type":"error","msg":"API Gateway: API endpoint neexistuje: dbpr\/db_get_linked ","data":{"file":"\/opt\/lampp\/htdocs\/projekt\/db\/php\/api.php","line":418,"err":"API endpoint neexistuje: dbpr\/db_get_linked "}}
{"time":"10:49:09","type":"error","msg":"API Gateway: API endpoint neexistuje: dbpr\/db_get_linked ","data":{"file":"\/opt\/lampp\/htdocs\/projekt\/db\/php\/api.php","line":418,"err":"API endpoint neexistuje: dbpr\/db_get_linked "}}
{"time":"10:49:14","type":"error","msg":"API Gateway: API endpoint neexistuje: dbpr\/db_get_linked ","data":{"file":"\/opt\/lampp\/htdocs\/projekt\/db\/php\/api.php","line":418,"err":"API endpoint neexistuje: dbpr\/db_get_linked "}}
{"time":"10:49:40","type":"error","msg":"API Gateway: API endpoint neexistuje: dbpr\/db_get_linked ","data":{"file":"\/opt\/lampp\/htdocs\/projekt\/db\/php\/api.php","line":418,"err":"API endpoint neexistuje: dbpr\/db_get_linked "}}
{"time":"10:49:45","type":"error","msg":"API Gateway: API endpoint neexistuje: dbpr\/db_get_linked ","data":{"file":"\/opt\/lampp\/htdocs\/projekt\/db\/php\/api.php","line":418,"err":"API endpoint neexistuje: dbpr\/db_get_linked "}}
{"time":"10:51:25","type":"error","msg":"JS: SyntaxError: missing } after property list v https:\/\/localhost\/projekt\/#Hlavn%C3%AD:144","data":[]}
{"time":"10:52:09","type":"error","msg":"API Gateway: API endpoint neexistuje: dbpr\/db_get_linked ","data":{"file":"\/opt\/lampp\/htdocs\/projekt\/db\/php\/api.php","line":418,"err":"API endpoint neexistuje: dbpr\/db_get_linked "}}
{"time":"10:52:15","type":"error","msg":"API Gateway: API endpoint neexistuje: dbpr\/db_get_linked ","data":{"file":"\/opt\/lampp\/htdocs\/projekt\/db\/php\/api.php","line":418,"err":"API endpoint neexistuje: dbpr\/db_get_linked "}}
{"time":"11:06:08","type":"error","msg":"API Gateway: API endpoint neexistuje: dbpr\/db_get_linked ","data":{"file":"\/opt\/lampp\/htdocs\/projekt\/db\/php\/api.php","line":418,"err":"API endpoint neexistuje: dbpr\/db_get_linked "}}
{"time":"13:06:24","type":"warning","msg":"Pomalý dotaz: 89.784860610962ms","data":{"table":"synapse_vlastnosti","action":"select"}}
{"time":"13:20:44","type":"warning","msg":"Pomalý dotaz: 77.170133590698ms","data":{"table":"synapse_uzly","action":"select"}}
{"time":"13:21:10","type":"warning","msg":"Pomalý dotaz: 60.512065887451ms","data":{"table":"synapse_uzly","action":"select"}}
{"time":"13:26:49","type":"error","msg":"API Gateway: API endpoint neexistuje: dbpr\/db_get_linked ","data":{"file":"\/opt\/lampp\/htdocs\/projekt\/db\/php\/api.php","line":485,"err":"API endpoint neexistuje: dbpr\/db_get_linked "}}
{"time":"13:27:11","type":"error","msg":"API Gateway: API endpoint neexistuje: dbpr\/db_get_linked ","data":{"file":"\/opt\/lampp\/htdocs\/projekt\/db\/php\/api.php","line":485,"err":"API endpoint neexistuje: dbpr\/db_get_linked "}}
{"time":"13:27:20","type":"warning","msg":"Pomalý dotaz: 58.8538646698ms","data":{"table":"synapse_uzly","action":"select"}}
{"time":"13:42:12","type":"warning","msg":"Pomalý dotaz: 72.930097579956ms","data":{"table":"synapse_uzly","action":"select"}}
{"time":"13:45:04","type":"warning","msg":"Pomalý dotaz: 75.096845626831ms","data":{"table":"synapse_vlastnosti","action":"search"}}
{"time":"13:45:54","type":"warning","msg":"Pomalý dotaz: 68.022012710571ms","data":{"table":"synapse_uzly","action":"select"}}
{"time":"13:45:54","type":"warning","msg":"Pomalý dotaz: 56.89811706543ms","data":{"table":"synapse_uzly","action":"select"}}
